🌿 Cantinho Ghibli Worker iniciado. CTRL+C para parar.
Intervalo: 10s
✨ Nenhuma anotação nova.
✨ Nenhuma anotação nova.
✨ Nenhuma anotação nova.
✨ Nenhuma anotação nova.
✨ Nenhuma anotação nova.
✨ Nenhuma anotação nova.
✨ Nenhuma anotação nova.
✨ Nenhuma anotação nova.
✨ Nenhuma anotação nova.
📥 1 anotação(ões) pendente(s).
→ Paguei 32 r
  Processado: 💸 Registrado em Finanças: Movimentação · R$ 32.00
✨ Nenhuma anotação nova.
✨ Nenhuma anotação nova.
✨ Nenhuma anotação nova.
✨ Nenhuma anotação nova.
✨ Nenhuma anotação nova.
✨ Nenhuma anotação nova.
✨ Nenhuma anotação nova.
✨ Nenhuma anotação nova.
✨ Nenhuma anotação nova.
✨ Nenhuma anotação nova.
✨ Nenhuma anotação nova.
✨ Nenhuma anotação nova.
✨ Nenhuma anotação nova.
✨ Nenhuma anotação nova.
✨ Nenhuma anotação nova.
✨ Nenhuma anotação nova.
✨ Nenhuma anotação nova.
✨ Nenhuma anotação nova.
✨ Nenhuma anotação nova.
✨ Nenhuma anotação nova.
✨ Nenhuma anotação nova.
✨ Nenhuma anotação nova.
✨ Nenhuma anotação nova.
✨ Nenhuma anotação nova.
✨ Nenhuma anotação nova.
✨ Nenhuma anotação nova.
✨ Nenhuma anotação nova.
✨ Nenhuma anotação nova.
✨ Nenhuma anotação nova.
✨ Nenhuma anotação nova.
✨ Nenhuma anotação nova.
✨ Nenhuma anotação nova.
✨ Nenhuma anotação nova.
✨ Nenhuma anotação nova.
✨ Nenhuma anotação nova.
✨ Nenhuma anotação nova.
✨ Nenhuma anotação nova.
✨ Nenhuma anotação nova.
✨ Nenhuma anotação nova.
✨ Nenhuma anotação nova.
✨ Nenhuma anotação nova.
✨ Nenhuma anotação nova.
✨ Nenhuma anotação nova.
✨ Nenhuma anotação nova.
✨ Nenhuma anotação nova.
✨ Nenhuma anotação nova.
✨ Nenhuma anotação nova.
✨ Nenhuma anotação nova.
✨ Nenhuma anotação nova.
✨ Nenhuma anotação nova.
✨ Nenhuma anotação nova.
✨ Nenhuma anotação nova.
✨ Nenhuma anotação nova.
✨ Nenhuma anotação nova.
✨ Nenhuma anotação nova.
✨ Nenhuma anotação nova.
✨ Nenhuma anotação nova.
✨ Nenhuma anotação nova.
✨ Nenhuma anotação nova.
✨ Nenhuma anotação nova.
✨ Nenhuma anotação nova.
✨ Nenhuma anotação nova.
✨ Nenhuma anotação nova.
✨ Nenhuma anotação nova.
✨ Nenhuma anotação nova.
✨ Nenhuma anotação nova.
✨ Nenhuma anotação nova.
✨ Nenhuma anotação nova.
✨ Nenhuma anotação nova.
✨ Nenhuma anotação nova.
✨ Nenhuma anotação nova.
✨ Nenhuma anotação nova.
✨ Nenhuma anotação nova.
✨ Nenhuma anotação nova.
✨ Nenhuma anotação nova.
✨ Nenhuma anotação nova.
✨ Nenhuma anotação nova.
✨ Nenhuma anotação nova.
✨ Nenhuma anotação nova.
✨ Nenhuma anotação nova.
✨ Nenhuma anotação nova.
✨ Nenhuma anotação nova.
✨ Nenhuma anotação nova.
✨ Nenhuma anotação nova.
✨ Nenhuma anotação nova.
✨ Nenhuma anotação nova.
✨ Nenhuma anotação nova.
✨ Nenhuma anotação nova.
✨ Nenhuma anotação nova.
✨ Nenhuma anotação nova.
✨ Nenhuma anotação nova.
✨ Nenhuma anotação nova.
✨ Nenhuma anotação nova.
✨ Nenhuma anotação nova.
✨ Nenhuma anotação nova.
✨ Nenhuma anotação nova.
✨ Nenhuma anotação nova.
✨ Nenhuma anotação nova.
✨ Nenhuma anotação nova.
✨ Nenhuma anotação nova.
✨ Nenhuma anotação nova.
✨ Nenhuma anotação nova.
✨ Nenhuma anotação nova.
✨ Nenhuma anotação nova.
✨ Nenhuma anotação nova.
✨ Nenhuma anotação nova.
✨ Nenhuma anotação nova.
✨ Nenhuma anotação nova.
✨ Nenhuma anotação nova.
✨ Nenhuma anotação nova.
✨ Nenhuma anotação nova.
✨ Nenhuma anotação nova.
